[demos.creative-tim.com/material-kit-pro/index.html]
[demos.creative-tim.com/material-kit-pro/assets/img/apple-icon.png]
[demos.creative-tim.com/material-kit-pro/assets/img/favicon.png]
[backblue.gif]
[fade.gif]
[index.html]
[www.creative-tim.com/product/material-kit-pro.html]
[s3.amazonaws.com/creativetim_bucket/products/46/original/opt_mkp_thumbnail.jpg]
[demos.creative-tim.com/material-kit-pro/presentation.html]
[maxcdn.bootstrapcdn.com/font-awesome/latest/css/font-awesome.min.css]
[demos.creative-tim.com/material-kit-pro/assets/css/material-kit.minf066.css]
[demos.creative-tim.com/material-kit-pro/assets/demo/demo.css]
[demos.creative-tim.com/material-kit-pro/assets/demo/vertical-nav.css]
[demos.creative-tim.com/material-kit-pro/docs/2.0/getting-started/introduction.html]
[demos.creative-tim.com/material-kit-pro/sections.html]
[demos.creative-tim.com/material-kit-pro/examples/about-us.html]
[demos.creative-tim.com/material-kit-pro/examples/blog-post.html]
[demos.creative-tim.com/material-kit-pro/examples/blog-posts.html]
[demos.creative-tim.com/material-kit-pro/examples/contact-us.html]
[demos.creative-tim.com/material-kit-pro/examples/landing-page.html]
[demos.creative-tim.com/material-kit-pro/examples/login-page.html]
[demos.creative-tim.com/material-kit-pro/examples/pricing.html]
[demos.creative-tim.com/material-kit-pro/examples/shopping-cart.html]
[demos.creative-tim.com/material-kit-pro/examples/ecommerce.html]
[demos.creative-tim.com/material-kit-pro/examples/product-page.html]
[demos.creative-tim.com/material-kit-pro/examples/profile-page.html]
[demos.creative-tim.com/material-kit-pro/examples/signup-page.html]
[demos.creative-tim.com/material-kit-pro/assets/img/bg0.jpg]
[demos.creative-tim.com/material-kit-pro/assets/img/bg.jpg]
[demos.creative-tim.com/material-kit-pro/assets/img/faces/avatar.jpg]
[demos.creative-tim.com/material-kit-pro/assets/img/bg7.jpg]
[demos.creative-tim.com/material-kit-pro/assets/img/faces/card-profile6-square.jpg]
[demos.creative-tim.com/material-kit-pro/assets/img/faces/christian.jpg]
[demos.creative-tim.com/material-kit-pro/assets/img/faces/card-profile4-square.jpg]
[demos.creative-tim.com/material-kit-pro/assets/img/faces/card-profile1-square.jpg]
[demos.creative-tim.com/material-kit-pro/assets/img/faces/marc.jpg]
[demos.creative-tim.com/material-kit-pro/assets/img/faces/kendall.jpg]
[demos.creative-tim.com/material-kit-pro/assets/img/faces/card-profile5-square.jpg]
[demos.creative-tim.com/material-kit-pro/assets/img/faces/card-profile2-square.jpg]
[demos.creative-tim.com/material-kit-pro/assets/img/product1.jpg]
[demos.creative-tim.com/material-kit-pro/assets/img/product2.jpg]
[demos.creative-tim.com/material-kit-pro/assets/img/product3.jpg]
[demos.creative-tim.com/material-kit-pro/assets/img/placeholder.jpg]
[demos.creative-tim.com/material-kit-pro/assets/img/examples/card-blog1.jpg]
[demos.creative-tim.com/material-kit-pro/assets/img/examples/card-blog2.jpg]
[demos.creative-tim.com/material-kit-pro/assets/img/examples/blog8.jpg]
[demos.creative-tim.com/material-kit-pro/assets/img/examples/card-profile4.jpg]
[demos.creative-tim.com/material-kit-pro/assets/img/examples/card-profile1.jpg]
[demos.creative-tim.com/material-kit-pro/assets/img/examples/office1.jpg]
[demos.creative-tim.com/material-kit-pro/assets/img/examples/card-blog3.jpg]
[demos.creative-tim.com/material-kit-pro/assets/img/examples/card-blog5.jpg]
[demos.creative-tim.com/material-kit-pro/assets/img/examples/card-blog6.jpg]
[demos.creative-tim.com/material-kit-pro/assets/img/examples/color1.jpg]
[demos.creative-tim.com/material-kit-pro/assets/img/examples/color2.jpg]
[demos.creative-tim.com/material-kit-pro/assets/img/examples/color3.jpg]
[demos.creative-tim.com/material-kit-pro/assets/img/examples/blog5.jpg]
[demos.creative-tim.com/material-kit-pro/assets/img/examples/blog1.jpg]
[demos.creative-tim.com/material-kit-pro/assets/img/examples/blog6.jpg]
[demos.creative-tim.com/material-kit-pro/assets/img/image_placeholder.jpg]
[demos.creative-tim.com/material-kit-pro/assets/img/bg2.jpg]
[demos.creative-tim.com/material-kit-pro/assets/img/bg3.jpg]
[demos.creative-tim.com/material-kit-pro/assets/img/dg1.jpg]
[demos.creative-tim.com/material-kit-pro/assets/img/dg2.jpg]
[demos.creative-tim.com/material-kit-pro/assets/js/core/jquery.min.js]
[demos.creative-tim.com/material-kit-pro/assets/js/core/popper.min.js]
[demos.creative-tim.com/material-kit-pro/assets/js/core/bootstrap-material-design.min.js]
[demos.creative-tim.com/material-kit-pro/assets/js/plugins/moment.min.js]
[demos.creative-tim.com/material-kit-pro/assets/js/plugins/bootstrap-datetimepicker.js]
[demos.creative-tim.com/material-kit-pro/assets/js/plugins/nouislider.min.js]
[demos.creative-tim.com/material-kit-pro/assets/js/plugins/bootstrap-tagsinput.js]
[demos.creative-tim.com/material-kit-pro/assets/js/plugins/bootstrap-selectpicker.js]
[demos.creative-tim.com/material-kit-pro/assets/js/plugins/jasny-bootstrap.min.js]
[demos.creative-tim.com/material-kit-pro/assets/js/plugins/jquery.flexisel.js]
[demos.creative-tim.com/material-kit-pro/assets/demo/modernizr.js]
[demos.creative-tim.com/material-kit-pro/assets/demo/vertical-nav.js]
[buttons.github.io/buttons.js]
[demos.creative-tim.com/material-kit-pro/assets/demo/demo.js]
[demos.creative-tim.com/material-kit-pro/assets/js/material-kit.minf066.js]
[connect.facebook.net/en_US/fbevents.js]
[www.facebook.com/tr5c3c.gif]
[demos.creative-tim.com/material-kit-pro/index.html]
[www.creative-tim.com/assets/favicon-239aa284801fb5629683f051242d546de2386981abd5b5208b3edcf8a5d06d8c.ico]
[www.creative-tim.com/assets/apple-touch-icon-precomposed-8f3c48df0d37cb6feb6c3e0894af66053afc8a2a6711c4742c46ac4a8cad84ff.png]
[www.creative-tim.com/assets/application-67e1b0f9fee338090a20616b3d4aed1baf2bfa039c50a9b8c915b7ae2a54e9b9.css]
[maxcdn.bootstrapcdn.com/font-awesome/4.5.0/css/font-awesome.min.css]
[connect.facebook.net/en_US/sdk.js]
[platform.twitter.com/widgets.js]
[s3.amazonaws.com/creativetim_bucket/new_logo.png]
[www.creative-tim.com/assets/icon-html-5b52fefad55449b7d27a88a17297050257c8f72d24b56941e8a8cb569c38c44c.jpg]
[www.creative-tim.com/assets/icon-sass-220dd5d9f39256d63922d1cd03eaf148b80108255338a1f8add31bd91e20b7ed.jpg]
[www.creative-tim.com/assets/icon-photoshop-3f7aeeb981123acd57d6bd2a9bdf1bbc0952b09e607ffc65447695a7eb8d0e3f.jpg]
[www.creative-tim.com/assets/icon-bootstrap-92b15f3b032b34675d9b9c5f493905d27b50d065e8a5c39623dca82638502461.jpg]
[s3.amazonaws.com/creativetim_bucket/products/46/original/opt_mkp_thumbnailc5d6.jpg]
[s3.amazonaws.com/creativetim_bucket/products/38/thumb/opt_mk_thumbnail8eb9.jpg]
[s3.amazonaws.com/creativetim_bucket/photos/154001/thumb065e.jpg]
[s3.amazonaws.com/creativetim_bucket/photos/1/thumb953e.jpg]
[s3.amazonaws.com/creativetim_bucket/photos/72415/thumba48c.jpg]
[s3.amazonaws.com/creativetim_bucket/anonymous_thumb.png]
[s3.amazonaws.com/creativetim_bucket/photos/173361/thumba91b.jpg]
[s3.amazonaws.com/creativetim_bucket/photos/287421/thumb45b5.jpg]
[s3.amazonaws.com/creativetim_bucket/photos/297338/thumb49d8.jpg]
[s3.amazonaws.com/creativetim_bucket/photos/402343/thumb8324.jpg]
[www.creative-tim.com/product/material-kit-pro.html]
[demos.creative-tim.com/material-kit-pro/assets/img/section-components/laptop-basics.png]
[demos.creative-tim.com/material-kit-pro/assets/img/section-components/table.jpg]
[demos.creative-tim.com/material-kit-pro/assets/img/section-components/share-btn.jpg]
[demos.creative-tim.com/material-kit-pro/assets/img/section-components/coloured-card-with-btn.jpg]
[demos.creative-tim.com/material-kit-pro/assets/img/section-components/coloured-card.jpg]
[demos.creative-tim.com/material-kit-pro/assets/img/section-components/social-row.jpg]
[demos.creative-tim.com/material-kit-pro/assets/img/section-components/pin-btn.jpg]
[demos.creative-tim.com/material-kit-pro/assets/img/cards-test.png]
[demos.creative-tim.com/material-kit-pro/assets/img/section-components/presentation-ipad.jpg]
[demos.creative-tim.com/material-kit-pro/assets/img/section-components/ipad-comments.jpg]
[demos.creative-tim.com/material-kit-pro/assets/img/section-components/ipad-table.jpg]
[demos.creative-tim.com/material-kit-pro/assets/img/sections/h_1.jpg]
[demos.creative-tim.com/material-kit-pro/assets/img/sections/h_2.jpg]
[demos.creative-tim.com/material-kit-pro/assets/img/sections/h_3.jpg]
[demos.creative-tim.com/material-kit-pro/assets/img/sections/h_4.jpg]
[demos.creative-tim.com/material-kit-pro/assets/img/sections/f_1.jpg]
[demos.creative-tim.com/material-kit-pro/assets/img/sections/f_2.jpg]
[demos.creative-tim.com/material-kit-pro/assets/img/sections/f_3.jpg]
[demos.creative-tim.com/material-kit-pro/assets/img/sections/f_4.jpg]
[demos.creative-tim.com/material-kit-pro/assets/img/sections/f_5.jpg]
[demos.creative-tim.com/material-kit-pro/assets/img/sections/b_2.jpg]
[demos.creative-tim.com/material-kit-pro/assets/img/sections/b_3.jpg]
[demos.creative-tim.com/material-kit-pro/assets/img/sections/b_4.jpg]
[demos.creative-tim.com/material-kit-pro/assets/img/sections/b_1.jpg]
[demos.creative-tim.com/material-kit-pro/assets/img/sections/p_2.jpg]
[demos.creative-tim.com/material-kit-pro/assets/img/sections/p_3.jpg]
[demos.creative-tim.com/material-kit-pro/assets/img/sections/p_4.jpg]
[demos.creative-tim.com/material-kit-pro/assets/img/sections/p_5.jpg]
[demos.creative-tim.com/material-kit-pro/assets/img/sections/p_1.jpg]
[demos.creative-tim.com/material-kit-pro/assets/img/sections/pro_2.jpg]
[demos.creative-tim.com/material-kit-pro/assets/img/sections/pro_3.jpg]
[demos.creative-tim.com/material-kit-pro/assets/img/sections/m_1.jpg]
[demos.creative-tim.com/material-kit-pro/assets/img/sections/pro_1.jpg]
[demos.creative-tim.com/material-kit-pro/assets/img/sections/t_2.jpg]
[demos.creative-tim.com/material-kit-pro/assets/img/sections/t_3.jpg]
[demos.creative-tim.com/material-kit-pro/assets/img/sections/team_5.jpg]
[demos.creative-tim.com/material-kit-pro/assets/img/sections/team_1.jpg]
[demos.creative-tim.com/material-kit-pro/assets/img/sections/team_2.jpg]
[demos.creative-tim.com/material-kit-pro/assets/img/sections/team_3.jpg]
[demos.creative-tim.com/material-kit-pro/assets/img/sections/t_1.jpg]
[demos.creative-tim.com/material-kit-pro/assets/img/sections/team_4.jpg]
[demos.creative-tim.com/material-kit-pro/assets/img/sections/pro_4.jpg]
[demos.creative-tim.com/material-kit-pro/assets/img/sections/m_2.jpg]
[demos.creative-tim.com/material-kit-pro/assets/img/example-pages/ex-about-us.jpg]
[demos.creative-tim.com/material-kit-pro/assets/img/example-pages/ex-landing.jpg]
[demos.creative-tim.com/material-kit-pro/assets/img/example-pages/ex-contact.jpg]
[demos.creative-tim.com/material-kit-pro/assets/img/example-pages/ex-blog-post.jpg]
[demos.creative-tim.com/material-kit-pro/assets/img/example-pages/ex-product.jpg]
[demos.creative-tim.com/material-kit-pro/assets/img/example-pages/ex-login.jpg]
[demos.creative-tim.com/material-kit-pro/assets/img/example-pages/ex-pricing.jpg]
[demos.creative-tim.com/material-kit-pro/assets/img/example-pages/ex-register.jpg]
[demos.creative-tim.com/material-kit-pro/assets/img/example-pages/ex-profile.jpg]
[demos.creative-tim.com/material-kit-pro/assets/img/example-pages/ex-blog-posts.jpg]
[demos.creative-tim.com/material-kit-pro/&apos;/assets/img/features-5.jpg&apos;]
[demos.creative-tim.com/material-kit-pro/assets/img/test1.jpg]
[demos.creative-tim.com/material-kit-pro/_/assets/img/test1.jpg_]
[demos.creative-tim.com/material-kit-pro/assets/img/test2.jpg]
[demos.creative-tim.com/material-kit-pro/_/assets/img/test2.jpg_]
[demos.creative-tim.com/material-kit-pro/assets/img/test3.jpg]
[demos.creative-tim.com/material-kit-pro/_/assets/img/test3.jpg_]
[demos.creative-tim.com/material-kit-pro/assets/img/example-pages/vodafone.jpg]
[demos.creative-tim.com/material-kit-pro/assets/img/example-pages/microsoft.jpg]
[demos.creative-tim.com/material-kit-pro/assets/img/example-pages/harvard.jpg]
[demos.creative-tim.com/material-kit-pro/assets/img/example-pages/stanford.jpg]
[demos.creative-tim.com/material-kit-pro/presentation.html]
[fonts.googleapis.com/css8393.css]
[cdn.jsdelivr.net/docsearch.js/2/docsearch.min.css]
[demos.creative-tim.com/material-kit-pro/assets/demo/docs.min.css]
[demos.creative-tim.com/material-kit-pro/docs/2.0/getting-started/license.html]
[demos.creative-tim.com/material-kit-pro/docs/2.0/getting-started/file-structure.html]
[demos.creative-tim.com/material-kit-pro/docs/2.0/getting-started/build-tools.html]
[demos.creative-tim.com/material-kit-pro/docs/2.0/components/alerts.html]
[demos.creative-tim.com/material-kit-pro/docs/2.0/components/badge.html]
[demos.creative-tim.com/material-kit-pro/docs/2.0/components/breadcrumb.html]
[demos.creative-tim.com/material-kit-pro/docs/2.0/components/buttons.html]
[demos.creative-tim.com/material-kit-pro/docs/2.0/components/card.html]
[demos.creative-tim.com/material-kit-pro/docs/2.0/components/carousel.html]
[demos.creative-tim.com/material-kit-pro/docs/2.0/components/collapse.html]
[demos.creative-tim.com/material-kit-pro/docs/2.0/components/dropdowns.html]
[demos.creative-tim.com/material-kit-pro/docs/2.0/components/forms.html]
[demos.creative-tim.com/material-kit-pro/docs/2.0/components/google-maps.html]
[demos.creative-tim.com/material-kit-pro/docs/2.0/components/info-areas.html]
[demos.creative-tim.com/material-kit-pro/docs/2.0/components/material-icons.html]
[demos.creative-tim.com/material-kit-pro/docs/2.0/components/modal.html]
[demos.creative-tim.com/material-kit-pro/docs/2.0/components/navs.html]
[demos.creative-tim.com/material-kit-pro/docs/2.0/components/navbar.html]
[demos.creative-tim.com/material-kit-pro/docs/2.0/components/pagination.html]
[demos.creative-tim.com/material-kit-pro/docs/2.0/components/parallax.html]
[demos.creative-tim.com/material-kit-pro/docs/2.0/components/popovers.html]
[demos.creative-tim.com/material-kit-pro/docs/2.0/components/progress.html]
[demos.creative-tim.com/material-kit-pro/docs/2.0/components/tables.html]
[demos.creative-tim.com/material-kit-pro/docs/2.0/components/tooltips.html]
[demos.creative-tim.com/material-kit-pro/docs/2.0/components/typography.html]
[demos.creative-tim.com/material-kit-pro/docs/2.0/plugins/bootstrap-switch.html]
[demos.creative-tim.com/material-kit-pro/docs/2.0/plugins/datetimepicker.html]
[demos.creative-tim.com/material-kit-pro/docs/2.0/plugins/fileupload-jasny.html]
[demos.creative-tim.com/material-kit-pro/docs/2.0/plugins/jquery-tagsinput.html]
[demos.creative-tim.com/material-kit-pro/docs/2.0/plugins/select-bootstrap.html]
[demos.creative-tim.com/material-kit-pro/docs/2.0/plugins/sliders.html]
[demos.creative-tim.com/material-kit-pro/docs/2.0/getting-started/introduction.html]
[demos.creative-tim.com/material-kit-pro/docs/2.0/plugins/perfect-scrollbar.html]
[demos.creative-tim.com/material-kit-pro/assets/img/bg12.jpg]
[demos.creative-tim.com/material-kit-pro/assets/img/examples/office2.jpg]
[demos.creative-tim.com/material-kit-pro/assets/img/dg3.jpg]
[demos.creative-tim.com/material-kit-pro/assets/img/sections/iphone.png]
[demos.creative-tim.com/material-kit-pro/assets/img/sections/iphone2.png]
[demos.creative-tim.com/material-kit-pro/assets/img/bg9.jpg]
[demos.creative-tim.com/material-kit-pro/assets/img/examples/card-blog4.jpg]
[demos.creative-tim.com/material-kit-pro/assets/img/office2.jpg]
[demos.creative-tim.com/material-kit-pro/assets/img/examples/blog7.jpg]
[demos.creative-tim.com/material-kit-pro/assets/img/bg5.jpg]
[demos.creative-tim.com/material-kit-pro/assets/img/examples/card-profile2.jpg]
[demos.creative-tim.com/material-kit-pro/assets/img/examples/city.jpg]
[demos.creative-tim.com/material-kit-pro/assets/img/examples/card-project6.jpg]
[s3.amazonaws.com/creativetim_bucket/products/38/original/opt_mk_thumbnailac92.jpg]
[s3.amazonaws.com/creativetim_bucket/products/34/original/opt_lbd_pro_thumbnailfc0d.jpg]
[s3.amazonaws.com/creativetim_bucket/products/26/original/opt_gsdk_new_thumbnail.jpg]
[demos.creative-tim.com/material-kit-pro/assets/img/examples/card-project1.jpg]
[demos.creative-tim.com/material-kit-pro/assets/img/examples/card-project2.jpg]
[demos.creative-tim.com/material-kit-pro/assets/img/examples/card-project3.jpg]
[demos.creative-tim.com/material-kit-pro/assets/img/examples/card-project4.jpg]
[demos.creative-tim.com/material-kit-pro/assets/img/examples/card-project5.jpg]
[demos.creative-tim.com/material-kit-pro/assets/img/bg11.jpg]
[demos.creative-tim.com/material-kit-pro/sections.html]
[demos.creative-tim.com/material-kit-pro/assets/img/Creative-TimLOGO2.png]
[demos.creative-tim.com/material-kit-pro/assets/img/tim-logo.png]
[demos.creative-tim.com/material-kit-pro/assets/img/examples/office4.jpg]
[demos.creative-tim.com/material-kit-pro/assets/img/examples/office3.jpg]
[demos.creative-tim.com/material-kit-pro/assets/img/examples/office5.jpg]
[demos.creative-tim.com/material-kit-pro/examples/about-us.html]
[demos.creative-tim.com/material-kit-pro/assets/img/examples/blog4.jpg]
[demos.creative-tim.com/material-kit-pro/assets/img/examples/blog3.jpg]
[demos.creative-tim.com/material-kit-pro/examples/blog-post.html]
[demos.creative-tim.com/material-kit-pro/assets/img/bg10.jpg]
[demos.creative-tim.com/material-kit-pro/examples/blog-posts.html]
[demos.creative-tim.com/material-kit-pro/examples/contact-us.html]
[demos.creative-tim.com/material-kit-pro/assets/img/bg8.jpg]
[demos.creative-tim.com/material-kit-pro/examples/landing-page.html]
[demos.creative-tim.com/material-kit-pro/examples/login-page.html]
[demos.creative-tim.com/material-kit-pro/examples/pricing.html]
[demos.creative-tim.com/material-kit-pro/assets/img/examples/bg2.jpg]
[demos.creative-tim.com/material-kit-pro/examples/shopping-cart.html]
[demos.creative-tim.com/material-kit-pro/assets/img/examples/clark-street-merc.jpg]
[demos.creative-tim.com/material-kit-pro/assets/img/examples/gucci.jpg]
[demos.creative-tim.com/material-kit-pro/assets/img/examples/dolce.jpg]
[demos.creative-tim.com/material-kit-pro/assets/img/examples/tom-ford.jpg]
[demos.creative-tim.com/material-kit-pro/assets/img/examples/suit-1.jpg]
[demos.creative-tim.com/material-kit-pro/assets/img/examples/suit-2.jpg]
[demos.creative-tim.com/material-kit-pro/assets/img/examples/suit-3.jpg]
[demos.creative-tim.com/material-kit-pro/assets/img/examples/suit-4.jpg]
[demos.creative-tim.com/material-kit-pro/assets/img/examples/suit-5.jpg]
[demos.creative-tim.com/material-kit-pro/assets/img/examples/suit-6.jpg]
[demos.creative-tim.com/material-kit-pro/assets/img/dg6.jpg]
[demos.creative-tim.com/material-kit-pro/assets/img/dg10.jpg]
[demos.creative-tim.com/material-kit-pro/assets/img/dg9.jpg]
[demos.creative-tim.com/material-kit-pro/examples/&apos;/assets/img/examples/ecommerce-header.jpg&apos;]
[demos.creative-tim.com/material-kit-pro/examples/ecommerce.html]
[demos.creative-tim.com/material-kit-pro/assets/img/bg6.jpg]
[demos.creative-tim.com/material-kit-pro/assets/img/examples/product1.jpg]
[demos.creative-tim.com/material-kit-pro/assets/img/examples/product2.jpg]
[demos.creative-tim.com/material-kit-pro/assets/img/examples/product3.jpg]
[demos.creative-tim.com/material-kit-pro/assets/img/examples/product4.jpg]
[demos.creative-tim.com/material-kit-pro/assets/img/examples/card-product1.jpg]
[demos.creative-tim.com/material-kit-pro/assets/img/examples/card-product3.jpg]
[demos.creative-tim.com/material-kit-pro/assets/img/examples/card-product4.jpg]
[demos.creative-tim.com/material-kit-pro/assets/img/examples/card-product2.jpg]
[demos.creative-tim.com/material-kit-pro/examples/product-page.html]
[demos.creative-tim.com/material-kit-pro/assets/img/city-profile.jpg]
[demos.creative-tim.com/material-kit-pro/assets/img/examples/mariya-georgieva.jpg]
[demos.creative-tim.com/material-kit-pro/assets/img/examples/clem-onojeghuo.jpg]
[demos.creative-tim.com/material-kit-pro/assets/img/examples/olu-eletu.jpg]
[demos.creative-tim.com/material-kit-pro/assets/img/examples/darren-coleshill.jpg]
[demos.creative-tim.com/material-kit-pro/assets/img/examples/clem-onojegaw.jpg]
[demos.creative-tim.com/material-kit-pro/assets/img/examples/cynthia-del-rio.jpg]
[demos.creative-tim.com/material-kit-pro/examples/profile-page.html]
[demos.creative-tim.com/material-kit-pro/examples/signup-page.html]
[demos.creative-tim.com/material-kit-pro/&apos;/assets/img/features-5.html]
[demos.creative-tim.com/material-kit-pro/_/assets/img/test1.html]
[demos.creative-tim.com/material-kit-pro/_/assets/img/test2.html]
[demos.creative-tim.com/material-kit-pro/_/assets/img/test3.html]
[demos.creative-tim.com/material-kit-pro/docs/2.0/getting-started/license.html]
[demos.creative-tim.com/material-kit-pro/docs/2.0/getting-started/file-structure.html]
[demos.creative-tim.com/material-kit-pro/docs/2.0/getting-started/build-tools.html]
[demos.creative-tim.com/material-kit-pro/docs/2.0/components/alerts.html]
[demos.creative-tim.com/material-kit-pro/docs/2.0/components/badge.html]
[demos.creative-tim.com/material-kit-pro/docs/2.0/components/breadcrumb.html]
[demos.creative-tim.com/material-kit-pro/docs/2.0/components/buttons.html]
[images.unsplash.com/photo-1517303650219-83c8b1788c4c52e7.jpg]
[images.unsplash.com/photo-1511439817358-bee8e21790b5ae36.jpg]
[images.unsplash.com/photo-1506794778202-cad84cf45f1da33e.jpg]
[images.unsplash.com/photo-1492447273231-0f8fecec1e3aa33e.jpg]
[demos.creative-tim.com/material-kit-pro/docs/2.0/components/card.html]
[demos.creative-tim.com/material-kit-pro/docs/2.0/components/carousel.html]
[demos.creative-tim.com/material-kit-pro/docs/2.0/components/collapse.html]
[demos.creative-tim.com/material-kit-pro/docs/2.0/components/dropdowns.html]
[style.anu.edu.au/_anu/4/images/placeholders/person_8x10.png]
[demos.creative-tim.com/material-kit-pro/docs/2.0/components/forms.html]
[demos.creative-tim.com/material-kit-pro/docs/2.0/components/google-maps.html]
[demos.creative-tim.com/material-kit-pro/docs/2.0/components/info-areas.html]
[demos.creative-tim.com/material-kit-pro/docs/2.0/components/material-icons.html]
[demos.creative-tim.com/material-kit-pro/docs/2.0/components/modal.html]
[demos.creative-tim.com/material-kit-pro/docs/2.0/components/navs.html]
[demos.creative-tim.com/material-kit-pro/docs/2.0/components/navbar.html]
[demos.creative-tim.com/material-kit-pro/docs/2.0/components/pagination.html]
[demos.creative-tim.com/material-kit-pro/docs/2.0/components/parallax.html]
[demos.creative-tim.com/material-kit-pro/docs/2.0/components/popovers.html]
[demos.creative-tim.com/material-kit-pro/docs/2.0/components/progress.html]
[demos.creative-tim.com/cdn-cgi/scripts/5c5dd728/cloudflare-static/email-decode.min.js]
[images.thenorthface.com/is/image/TheNorthFace/NF0A2VFL_619_hero.jpg]
[demos.creative-tim.com/material-kit-pro/docs/2.0/components/tables.html]
[demos.creative-tim.com/material-kit-pro/docs/2.0/components/tooltips.html]
[demos.creative-tim.com/material-kit-pro/docs/2.0/components/typography.html]
[demos.creative-tim.com/material-kit-pro/docs/2.0/plugins/bootstrap-switch.html]
[demos.creative-tim.com/material-kit-pro/docs/2.0/plugins/datetimepicker.html]
[epicattorneymarketing.com/wp-content/uploads/2016/07/Headshot-Placeholder-1.png]
[demos.creative-tim.com/material-kit-pro/docs/2.0/plugins/fileupload-jasny.html]
[demos.creative-tim.com/material-kit-pro/docs/2.0/plugins/jquery-tagsinput.html]
[demos.creative-tim.com/material-kit-pro/docs/2.0/plugins/select-bootstrap.html]
[demos.creative-tim.com/material-kit-pro/docs/2.0/plugins/sliders.html]
[demos.creative-tim.com/material-kit-pro/docs/2.0/plugins/perfect-scrollbar.html]
[demos.creative-tim.com/material-kit-pro/examples/&apos;/assets/img/examples/ecommerce-header.html]
[demos.creative-tim.com/material-kit-pro/assets/img/bg0.jpg]
[demos.creative-tim.com/material-kit-pro/assets/img/bg.jpg]
[demos.creative-tim.com/material-kit-pro/assets/img/faces/avatar.jpg]
[demos.creative-tim.com/material-kit-pro/assets/img/bg7.jpg]
[demos.creative-tim.com/material-kit-pro/assets/img/faces/card-profile6-square.jpg]
[demos.creative-tim.com/material-kit-pro/assets/img/faces/christian.jpg]
[demos.creative-tim.com/material-kit-pro/assets/img/faces/card-profile4-square.jpg]
[demos.creative-tim.com/material-kit-pro/assets/img/faces/card-profile1-square.jpg]
[demos.creative-tim.com/material-kit-pro/assets/img/faces/marc.jpg]
[demos.creative-tim.com/material-kit-pro/assets/img/faces/kendall.jpg]
[demos.creative-tim.com/material-kit-pro/assets/img/faces/card-profile5-square.jpg]
[demos.creative-tim.com/material-kit-pro/assets/img/faces/card-profile2-square.jpg]
[demos.creative-tim.com/material-kit-pro/assets/img/product1.jpg]
[demos.creative-tim.com/material-kit-pro/assets/img/product2.jpg]
[demos.creative-tim.com/material-kit-pro/assets/img/product3.jpg]
[demos.creative-tim.com/material-kit-pro/assets/img/placeholder.jpg]
[demos.creative-tim.com/material-kit-pro/assets/img/examples/card-blog1.jpg]
[demos.creative-tim.com/material-kit-pro/assets/img/examples/card-blog2.jpg]
[demos.creative-tim.com/material-kit-pro/assets/img/examples/blog8.jpg]
[demos.creative-tim.com/material-kit-pro/assets/img/examples/card-profile4.jpg]
[demos.creative-tim.com/material-kit-pro/assets/img/examples/office1.jpg]
[demos.creative-tim.com/material-kit-pro/assets/img/examples/card-profile1.jpg]
[maxcdn.bootstrapcdn.com/font-awesome/latest/css/font-awesome.min.css]
[maxcdn.bootstrapcdn.com/font-awesome/latest/fonts/fontawesome-webfont3e6e.svg]
[demos.creative-tim.com/material-kit-pro/assets/img/examples/card-blog3.jpg]
[demos.creative-tim.com/material-kit-pro/assets/img/examples/card-blog5.jpg]
[demos.creative-tim.com/material-kit-pro/assets/img/examples/card-blog6.jpg]
[demos.creative-tim.com/material-kit-pro/assets/img/examples/color2.jpg]
[demos.creative-tim.com/material-kit-pro/assets/img/examples/color1.jpg]
[demos.creative-tim.com/material-kit-pro/assets/img/examples/color3.jpg]
[demos.creative-tim.com/material-kit-pro/assets/img/examples/blog5.jpg]
[demos.creative-tim.com/material-kit-pro/assets/img/examples/blog1.jpg]
[demos.creative-tim.com/material-kit-pro/assets/img/examples/blog6.jpg]
[demos.creative-tim.com/material-kit-pro/assets/img/image_placeholder.jpg]
[demos.creative-tim.com/material-kit-pro/img/arrow-left.111.delayed]
[demos.creative-tim.com/material-kit-pro/assets/img/bg2.jpg]
[demos.creative-tim.com/material-kit-pro/assets/img/bg3.jpg]
[demos.creative-tim.com/material-kit-pro/assets/img/dg1.jpg]
[demos.creative-tim.com/material-kit-pro/assets/img/dg2.jpg]
[demos.creative-tim.com/material-kit-pro/img/arrow-left.112.delayed]
[demos.creative-tim.com/material-kit-pro/img/arrow-right.png]
[www.creative-tim.com/assets/icon-html-5b52fefad55449b7d27a88a17297050257c8f72d24b56941e8a8cb569c38c44c.jpg]
[www.facebook.com/tr5c3c.gif]
[demos.creative-tim.com/material-kit-pro/img/arrow-right.cur]
[demos.creative-tim.com/material-kit-pro/assets/css/material-kit.minf066.css]
[www.creative-tim.com/assets/icon-sass-220dd5d9f39256d63922d1cd03eaf148b80108255338a1f8add31bd91e20b7ed.jpg]
[www.creative-tim.com/assets/icon-bootstrap-92b15f3b032b34675d9b9c5f493905d27b50d065e8a5c39623dca82638502461.jpg]
[www.creative-tim.com/assets/icon-photoshop-3f7aeeb981123acd57d6bd2a9bdf1bbc0952b09e607ffc65447695a7eb8d0e3f.jpg]
[demos.creative-tim.com/material-kit-pro/assets/demo/demo.css]
[demos.creative-tim.com/material-kit-pro/assets/img/section-components/laptop-basics.png]
[demos.creative-tim.com/material-kit-pro/assets/img/section-components/table.jpg]
[demos.creative-tim.com/material-kit-pro/assets/img/cd-arrow-bottom.115.delayed]
[demos.creative-tim.com/material-kit-pro/assets/demo/vertical-nav.css]
[demos.creative-tim.com/material-kit-pro/assets/img/section-components/share-btn.jpg]
[demos.creative-tim.com/material-kit-pro/assets/img/section-components/coloured-card-with-btn.jpg]
[demos.creative-tim.com/material-kit-pro/assets/img/section-components/coloured-card.jpg]
[demos.creative-tim.com/material-kit-pro/assets/img/section-components/social-row.jpg]
[demos.creative-tim.com/material-kit-pro/assets/img/section-components/pin-btn.jpg]
[demos.creative-tim.com/material-kit-pro/assets/img/cards-test.png]
[demos.creative-tim.com/material-kit-pro/assets/img/section-components/presentation-ipad.jpg]
[demos.creative-tim.com/material-kit-pro/assets/img/section-components/ipad-comments.jpg]
[www.googletagmanager.com/gtm5445.html]
[demos.creative-tim.com/material-kit-pro/assets/img/section-components/ipad-table.jpg]
[demos.creative-tim.com/material-kit-pro/assets/img/sections/h_1.jpg]
[demos.creative-tim.com/material-kit-pro/assets/img/sections/h_2.jpg]
[demos.creative-tim.com/material-kit-pro/assets/img/sections/h_3.jpg]
[demos.creative-tim.com/material-kit-pro/assets/img/sections/h_4.jpg]
[demos.creative-tim.com/material-kit-pro/assets/img/sections/f_1.jpg]
[demos.creative-tim.com/material-kit-pro/assets/img/sections/f_2.jpg]
[demos.creative-tim.com/material-kit-pro/assets/img/sections/f_3.jpg]
[demos.creative-tim.com/material-kit-pro/assets/img/sections/f_4.jpg]
[demos.creative-tim.com/material-kit-pro/assets/img/sections/f_5.jpg]
[demos.creative-tim.com/material-kit-pro/assets/img/sections/b_2.jpg]
[demos.creative-tim.com/material-kit-pro/assets/img/sections/b_3.jpg]
[demos.creative-tim.com/material-kit-pro/assets/img/sections/b_4.jpg]
[demos.creative-tim.com/material-kit-pro/assets/img/sections/b_1.jpg]
[demos.creative-tim.com/material-kit-pro/assets/img/sections/p_2.jpg]
[demos.creative-tim.com/material-kit-pro/assets/img/sections/p_3.jpg]
[demos.creative-tim.com/material-kit-pro/assets/img/sections/p_4.jpg]
[demos.creative-tim.com/material-kit-pro/assets/img/sections/p_5.jpg]
[demos.creative-tim.com/material-kit-pro/assets/img/sections/p_1.jpg]
[demos.creative-tim.com/material-kit-pro/assets/img/sections/pro_2.jpg]
[demos.creative-tim.com/material-kit-pro/assets/img/sections/pro_3.jpg]
[demos.creative-tim.com/material-kit-pro/assets/img/sections/m_1.jpg]
[demos.creative-tim.com/material-kit-pro/assets/img/sections/pro_1.jpg]
[demos.creative-tim.com/material-kit-pro/assets/img/sections/t_2.jpg]
[demos.creative-tim.com/material-kit-pro/assets/img/sections/t_3.jpg]
[demos.creative-tim.com/material-kit-pro/assets/img/sections/team_5.jpg]
[demos.creative-tim.com/material-kit-pro/assets/img/sections/team_1.jpg]
[demos.creative-tim.com/material-kit-pro/assets/img/sections/team_2.jpg]
[demos.creative-tim.com/material-kit-pro/assets/img/sections/team_3.jpg]
[demos.creative-tim.com/material-kit-pro/assets/img/sections/t_1.jpg]
[demos.creative-tim.com/material-kit-pro/assets/img/sections/team_4.jpg]
[demos.creative-tim.com/material-kit-pro/assets/img/sections/pro_4.jpg]
[connect.facebook.net/en_US/fbevents.js]
[demos.creative-tim.com/material-kit-pro/assets/img/sections/m_2.jpg]
[demos.creative-tim.com/material-kit-pro/assets/img/example-pages/ex-about-us.jpg]
[demos.creative-tim.com/material-kit-pro/assets/img/example-pages/ex-landing.jpg]
[demos.creative-tim.com/material-kit-pro/assets/img/example-pages/ex-contact.jpg]
[demos.creative-tim.com/material-kit-pro/assets/img/example-pages/ex-blog-post.jpg]
[demos.creative-tim.com/material-kit-pro/assets/img/example-pages/ex-product.jpg]
[demos.creative-tim.com/material-kit-pro/assets/img/example-pages/ex-login.jpg]
[demos.creative-tim.com/material-kit-pro/assets/img/example-pages/ex-pricing.jpg]
[demos.creative-tim.com/material-kit-pro/assets/img/example-pages/ex-register.jpg]
[demos.creative-tim.com/material-kit-pro/assets/img/example-pages/ex-profile.jpg]
[demos.creative-tim.com/material-kit-pro/assets/img/test3.jpg]
[demos.creative-tim.com/material-kit-pro/assets/img/example-pages/ex-blog-posts.jpg]
[www.creative-tim.com/assets/application-67e1b0f9fee338090a20616b3d4aed1baf2bfa039c50a9b8c915b7ae2a54e9b9.css]
[demos.creative-tim.com/material-kit-pro/assets/img/example-pages/microsoft.jpg]
[demos.creative-tim.com/material-kit-pro/assets/img/example-pages/harvard.jpg]
[demos.creative-tim.com/material-kit-pro/assets/img/example-pages/stanford.jpg]
[demos.creative-tim.com/material-kit-pro/assets/img/example-pages/vodafone.jpg]
[maxcdn.bootstrapcdn.com/font-awesome/4.5.0/css/font-awesome.min.css]
[demos.creative-tim.com/material-kit-pro/assets/img/bg12.jpg]
[demos.creative-tim.com/material-kit-pro/assets/img/examples/office2.jpg]
[demos.creative-tim.com/material-kit-pro/assets/img/dg3.jpg]
[demos.creative-tim.com/material-kit-pro/assets/img/sections/iphone.png]
[connect.facebook.net/en_US/sdk.js]
[demos.creative-tim.com/material-kit-pro/assets/img/sections/iphone2.png]
[demos.creative-tim.com/material-kit-pro/assets/img/bg9.jpg]
[demos.creative-tim.com/material-kit-pro/assets/img/examples/card-blog4.jpg]
[demos.creative-tim.com/material-kit-pro/assets/img/office2.jpg]
[demos.creative-tim.com/material-kit-pro/assets/img/examples/blog7.jpg]
[demos.creative-tim.com/material-kit-pro/assets/img/bg5.jpg]
[demos.creative-tim.com/material-kit-pro/assets/img/examples/card-profile2.jpg]
[demos.creative-tim.com/material-kit-pro/assets/img/examples/city.jpg]
[demos.creative-tim.com/material-kit-pro/assets/img/examples/card-project6.jpg]
[demos.creative-tim.com/material-kit-pro/assets/img/examples/card-project1.jpg]
[demos.creative-tim.com/material-kit-pro/assets/img/examples/card-project2.jpg]
[demos.creative-tim.com/material-kit-pro/assets/img/examples/card-project3.jpg]
[demos.creative-tim.com/material-kit-pro/assets/img/examples/card-project4.jpg]
[demos.creative-tim.com/material-kit-pro/assets/img/examples/card-project5.jpg]
[demos.creative-tim.com/material-kit-pro/assets/img/bg11.jpg]
[demos.creative-tim.com/material-kit-pro/assets/img/Creative-TimLOGO2.png]
[demos.creative-tim.com/material-kit-pro/assets/img/tim-logo.png]
[demos.creative-tim.com/material-kit-pro/assets/img/examples/office4.jpg]
[demos.creative-tim.com/material-kit-pro/assets/img/examples/office3.jpg]
[demos.creative-tim.com/material-kit-pro/assets/img/examples/office5.jpg]
[demos.creative-tim.com/material-kit-pro/assets/img/examples/blog4.jpg]
[demos.creative-tim.com/material-kit-pro/assets/img/examples/blog3.jpg]
[demos.creative-tim.com/material-kit-pro/assets/img/bg10.jpg]
[demos.creative-tim.com/material-kit-pro/assets/img/bg8.jpg]
[s3.amazonaws.com/creativetim_bucket/galleries/photos/000/000/869/thumb/495b0.jpg]
[demos.creative-tim.com/material-kit-pro/assets/img/examples/bg2.jpg]
[demos.creative-tim.com/material-kit-pro/assets/img/examples/clark-street-merc.jpg]
[demos.creative-tim.com/material-kit-pro/assets/img/examples/gucci.jpg]
[demos.creative-tim.com/material-kit-pro/assets/img/examples/dolce.jpg]
[s3.amazonaws.com/creativetim_bucket/galleries/photos/000/000/742/thumb/Captură_de_ecran_din_2017.09.25_la_12.45.42b644.png]
[demos.creative-tim.com/material-kit-pro/assets/img/examples/tom-ford.jpg]
[demos.creative-tim.com/material-kit-pro/assets/img/examples/suit-1.jpg]
[demos.creative-tim.com/material-kit-pro/assets/img/examples/suit-2.jpg]
[demos.creative-tim.com/material-kit-pro/assets/img/examples/suit-3.jpg]
[s3.amazonaws.com/creativetim_bucket/galleries/photos/000/000/741/thumb/Captură_de_ecran_din_2017.09.25_la_12.44.14b51e.png]
[demos.creative-tim.com/material-kit-pro/assets/img/examples/suit-4.jpg]
[demos.creative-tim.com/material-kit-pro/assets/img/examples/suit-5.jpg]
[demos.creative-tim.com/material-kit-pro/assets/img/examples/suit-6.jpg]
[demos.creative-tim.com/material-kit-pro/assets/img/dg6.jpg]
[demos.creative-tim.com/material-kit-pro/assets/img/dg10.jpg]
[demos.creative-tim.com/material-kit-pro/assets/img/dg9.jpg]
[demos.creative-tim.com/material-kit-pro/assets/img/bg6.jpg]
[demos.creative-tim.com/material-kit-pro/assets/img/examples/product1.jpg]
[demos.creative-tim.com/material-kit-pro/assets/img/examples/product2.jpg]
[demos.creative-tim.com/material-kit-pro/assets/img/examples/product3.jpg]
[demos.creative-tim.com/material-kit-pro/assets/img/examples/product4.jpg]
[demos.creative-tim.com/material-kit-pro/assets/img/examples/card-product1.jpg]
[demos.creative-tim.com/material-kit-pro/assets/img/examples/card-product3.jpg]
[demos.creative-tim.com/material-kit-pro/assets/img/examples/card-product4.jpg]
[demos.creative-tim.com/material-kit-pro/assets/img/examples/card-product2.jpg]
[demos.creative-tim.com/material-kit-pro/assets/img/city-profile.jpg]
[demos.creative-tim.com/material-kit-pro/assets/img/examples/mariya-georgieva.jpg]
[demos.creative-tim.com/material-kit-pro/assets/img/examples/clem-onojeghuo.jpg]
[demos.creative-tim.com/material-kit-pro/assets/img/examples/olu-eletu.jpg]
[demos.creative-tim.com/material-kit-pro/assets/img/examples/darren-coleshill.jpg]
[demos.creative-tim.com/material-kit-pro/assets/img/examples/clem-onojegaw.jpg]
[demos.creative-tim.com/material-kit-pro/assets/img/examples/cynthia-del-rio.jpg]
[cdn.jsdelivr.net/docsearch.js/2/docsearch.min.css]
[images.unsplash.com/photo-1517303650219-83c8b1788c4c52e7.jpg]
[demos.creative-tim.com/material-kit-pro/assets/demo/docs.min.css]
[images.unsplash.com/photo-1511439817358-bee8e21790b5ae36.jpg]
[images.unsplash.com/photo-1506794778202-cad84cf45f1da33e.jpg]
[images.unsplash.com/photo-1492447273231-0f8fecec1e3aa33e.jpg]
[demos.creative-tim.com/cdn-cgi/scripts/5c5dd728/cloudflare-static/email-decode.min.js]
[epicattorneymarketing.com/wp-content/uploads/2016/07/Headshot-Placeholder-1.png]
[maxcdn.bootstrapcdn.com/font-awesome/latest/fonts/fontawesome-webfont3e6e.svg]
[demos.creative-tim.com/material-kit-pro/img/arrow-left.html]
[demos.creative-tim.com/material-kit-pro/img/arrow-left-2.html]
[demos.creative-tim.com/material-kit-pro/img/arrow-right.html]
[demos.creative-tim.com/material-kit-pro/img/arrow-right-2.html]
[demos.creative-tim.com/material-kit-pro/assets/img/cd-arrow-bottom.html]
[demos.creative-tim.com/material-kit-pro/presentation.html]
[demos.creative-tim.com/material-kit-pro/&apos;/assets/img/features-5.html]
[demos.creative-tim.com/material-kit-pro/_/assets/img/test3.html]
[demos.creative-tim.com/material-kit-pro/examples/&apos;/assets/img/examples/ecommerce-header.html]
